rgukt-basar@spurthi:~$ catmonthfile.txt
catmonthfile.txt: command not found
rgukt-basar@spurthi:~$ cat>month.txt
march 
april
may
rgukt-basar@spurthi:~$ $Sort -M month.txt
-M: command not found
rgukt-basar@spurthi:~$ $sort -M month.txt
-M: command not found
rgukt-basar@spurthi:~$ $sort -M.month.txt
-M.month.txt: command not found
rgukt-basar@spurthi:~$ $Sort -M.month.txt
-M.month.txt: command not found
rgukt-basar@spurthi:~$ sort month.txt
april
march
may
rgukt-basar@spurthi:~$ sort month.txt -n
april
march
may
rgukt-basar@spurthi:~$ sort month.txt -n
april
march
may
1
2
3
5
rgukt-basar@spurthi:~$ sort month.txt -rev
sort: invalid option -- 'e'
Try 'sort --help' for more information.
rgukt-basar@spurthi:~$ sort month.txt -r
may
march
april
5
3
2
1
rgukt-basar@spurthi:~$ sort month.txt -r
may
march
april
5
3
2
1
rgukt-basar@spurthi:~$ set 's|Unix|UNIX|' month.txt
rgukt-basar@spurthi:~$ set 's/Unix/UNIX/' month.txt
rgukt-basar@spurthi:~$ set 's/March/MARCH/' month.txt
rgukt-basar@spurthi:~$ sed 's/March/MARCH/' month.txt
march
april
may
1
3
2
5
Unix
rgukt-basar@spurthi:~$ sed 's/march/MARCH/' month.txt
MARCH
april
may
1
3
2
5
Unix
rgukt-basar@spurthi:~$ sed '4d' month.txt
march
april
may
3
2
5
Unix
rgukt-basar@spurthi:~$ sort -D month.txt
sort: invalid option -- 'D'
Try 'sort --help' for more information.
rgukt-basar@spurthi:~$ sort -d month.txt
1
2
3
5
april
march
may
Unix
rgukt-basar@spurthi:~$ sed 's/rgukt/RGUKT' grepfilter.txt
sed: -e expression #1, char 13: unterminated `s' command
rgukt-basar@spurthi:~$ sed 's/rgukt/RGUKT' grepfilter.txt
sed: -e expression #1, char 13: unterminated `s' command
rgukt-basar@spurthi:~$ sed 's/rgukt/RGUKT/' grepfilter.txt
welcome to ubuntu
hii this is linux/unix commands
RGUKT rajiv gandhi university knowledge technology 
rgukt-basar@spurthi:~$ sed 's/linux/unix/2' grepfilter.txt
welcome to ubuntu
hii this is linux/unix commands
rgukt rajiv gandhi university knowledge technology 
rgukt-basar@spurthi:~$ sed 's/o/**/g' grepfilter.txt
welc**me t** ubuntu
hii this is linux/unix c**mmands
rgukt rajiv gandhi university kn**wledge techn**l**gy 
rgukt-basar@spurthi:~$ sed 's/0/O/g' grepfilter.txt
welcome to ubuntu
hii this is linux/unix commands
rgukt rajiv gandhi university knowledge technology 
rgukt-basar@spurthi:~$ sed 's/o/O/g' grepfilter.txt
welcOme tO ubuntu
hii this is linux/unix cOmmands
rgukt rajiv gandhi university knOwledge technOlOgy 
rgukt-basar@spurthi:~$ sed 's/x/X/g' grepfilter.txt
welcome to ubuntu
hii this is linuX/uniX commands
rgukt rajiv gandhi university knowledge technology 
rgukt-basar@spurthi:~$ cat>employee.txt
spurthi softwaredeveloper 150000
kokila businesswomen 300000
dudu engineer 200000
rgukt-basar@spurthi:~$ awk '{print $1,$3}' employee.txt
spurthi 150000
kokila 300000
dudu 200000
rgukt-basar@spurthi:~$ $ free m
$: command not found
rgukt-basar@spurthi:~$ $ free M
$: command not found
rgukt-basar@spurthi:~$ free m

Usage:
 free [options]

Options:
 -b, --bytes         show output in bytes
     --kilo          show output in kilobytes
     --mega          show output in megabytes
     --giga          show output in gigabytes
     --tera          show output in terabytes
     --peta          show output in petabytes
 -k, --kibi          show output in kibibytes
 -m, --mebi          show output in mebibytes
 -g, --gibi          show output in gibibytes
     --tebi          show output in tebibytes
     --pebi          show output in pebibytes
 -h, --human         show human-readable output
     --si            use powers of 1000 not 1024
 -l, --lohi          show detailed low and high memory statistics
 -t, --total         show total for RAM + swap
 -s N, --seconds N   repeat printing every N seconds
 -c N, --count N     repeat printing N times, then exit
 -w, --wide          wide output

     --help     display this help and exit
 -V, --version  output version information and exit

For more details see free(1).
rgukt-basar@spurthi:~$ $ free m
$: command not found
rgukt-basar@spurthi:~$ awk '/Mem/{print}/' free -m
awk: line 1: runaway regular expression / ...
rgukt-basar@spurthi:~$ ftp ftp.dlptest.cpm
ftp: Can't lookup `ftp.dlptest.cpm:ftp': Name or service not known
ftp> dlpuser
?Invalid command.
ftp> ftp ftp.dlptest.com
Connected to ftp.dlptest.com.
220 Welcome to the DLP Test FTP Server
Name (ftp.dlptest.com:rgukt-basar): dlpuser
331 Please specify the password.
Password: 
230 Login successful.
Remote system type is UNIX.
Using binary mode to transfer files.
ftp> ls 
229 Entering Extended Passive Mode (|||1125|)
150 Here comes the directory listing.
-rw-r--r--    1 1001     1001          958 Mar 26 10:30 BunkerEastProdProxiesResFile_bebluecoat6_2024-03-26-06-30-03.txt
-rw-r--r--    1 1001     1001          958 Mar 26 10:30 BunkerWestProdProxiesResFile_bwbluecoat6_2024-03-26-04-30-03.txt
-rw-r--r--    1 1001     1001        85815 Mar 26 10:30 FileGd.090b88a689884_6384.pdf
-rw-r--r--    1 1001     1001        85821 Mar 26 10:30 FileGd.3e558130a9634_6384.pdf
-rw-r--r--    1 1001     1001        85810 Mar 26 10:30 FileGd.614155ca9d304_6384.pdf
-rw-r--r--    1 1001     1001        85823 Mar 26 10:30 FileGd.b4348bba6bfe4_6384.pdf
-rw-r--r--    1 1001     1001        85815 Mar 26 10:30 FileGd.d75a31abef104_6384.pdf
-rw-r--r--    1 1001     1001        85814 Mar 26 10:30 FileGd.e063d089c5414_6384.pdf
-rw-r--r--    1 1001     1001        10000 Mar 26 10:30 _11471977
-rw-r--r--    1 1001     1001            0 Mar 26 10:30 actorstoday.txt
-rw-r--r--    1 1001     1001            0 Mar 26 10:30 actorstomorrow.txt
226 Directory send OK.
ftp> get actorstomorrow.txt
local: actorstomorrow.txt remote: actorstomorrow.txt
229 Entering Extended Passive Mode (|||1027|)
150 Opening BINARY mode data connection for actorstomorrow.txt (0 bytes).
     0        0.00 KiB/s 
226 Transfer complete.
ftp> exit
221 Goodbye.
rgukt-basar@spurthi:~$ ssh sujoysarkar@tty.sdf.org
The authenticity of host 'tty.sdf.org (205.166.94.9)' can't be established.
ED25519 key fingerprint is SHA256:ZjwbO7AU8rHJExYrmZS2LqGZ7WfdoELfMrF54W92PYA.
This key is not known by any other names
Are you sure you want to continue connecting (yes/no/[fingerprint])? yes
Warning: Permanently added 'tty.sdf.org' (ED25519) to the list of known hosts.
sujoysarkar@tty.sdf.org's password: 
Connection closed by 205.166.94.9 port 22
rgukt-basar@spurthi:~$ ssh sujoysarkar@tty.sdf.org
sujoysarkar@tty.sdf.org's password: 
Connection closed by 205.166.94.9 port 22
rgukt-basar@spurthi:~$ ssh sujoysarkar@tty.sdf.org
sujoysarkar@tty.sdf.org's password: 
[ 'sujoysarkar' will expire in 665 days - Please 'validate' your account soon ]

Please press your BACKSPACE key: 

=======================================================================
SDF host uptime report for Seattle WA, Dallas TX (USA) and Germany (EU)
             Please use 'tty.sdf.org' for general access
=======================================================================

SERVER          DAYS+HOUR:MIN       USERS   MACHINE LOAD
----------------------------------------------------------------------
9p             up  21+15:20,   11 users,  load:   0.00,   0.00,   0.00
aNONradio      up  179+7:12,   44 users,  load:   0.10,   0.17,   0.22
faeroes        up  61+09:19,  100 users,  load:   0.33,   0.17,   0.11
iceland        up  61+12:41,   43 users,  load:   2.66,   2.30,   2.27
jitsi          up  31+16:30,  785 users,  load:  10.66,  10.09,   9.52
ma             up   54+9:31,    0 users,  load:   4.09,   4.48,   5.05
matrix         up  52+13:03,  357 users,  load:   2.70,   2.42,   2.30
miku           up  61+12:39,    3 users,  load:   0.11,   0.06,   0.00
mx             up  61+09:41,  359 users,  load:   1.25,   1.80,   1.83
norge          up  61+09:16,   93 users,  load:   0.00,   0.00,   0.00
otaku          up  36+16:37,   46  user,  load:   0.23,   0.23,   0.23
pixelfed       up  181+2:09, 2066 users,  load:   0.24,   0.27,   0.27
rie            up  61+12:38,   77  user,  load:   1.38,   1.50,   1.57
ryo            up  61+12:20,   34 users,  load:   0.22,   0.19,   0.16
sdf            up  23+02:22,  132  user,  load:   2.16,   1.88,   1.75
sdfeu          up 627+06:42,   41 users,  load:   1.43,   1.50,   1.53
sverige        up  61+12:39,    8 users,  load:   0.16,   0.22,   0.23
unix50         up  179+7:11,   95 users,  load: 113.62, 113.95, 114.07
vps3           up 179+07:03,   49 users,  load:   0.18,   1.14,   1.55
vps9           up 180+17:30,   17 users,  load:   0.00,   0.00,   0.33
                             4360 total
(continue)
The Moon is Waning Gibbous (99% of Full)
                 .------------.
             .--'  o     . .   `--.
          .-'   .    O   .       . `-.
       .-'@   @@@@@@@   .  @@@@@      `-
      /@@@  @@@@@@@@@@@   @@@@@@@   .    \
    ./    o @@@@@@@@@@@   @@@@@@@       . \
   /@@  o   @@@@@@@@@@@.   @@@@@@@   O      
  /@@@@   .   @@@@@@@o    @@@@@@@@@@     @@@ 
  |@@@@@               . @@@@@@@@@@@@@ o @@@@|
 /@@@@@  O  `.-./  .      @@@@@@@@@@@@    @@     Full Moon +    
 | @@@@    --`-'       o     @@@@@@@@ @@@@       1  3:40:20
 |@ @@@        `    o      .  @@   . @@@@@@@     Last Quarter - 
 |       @@  @         .-.     @@@   @@@@@@@     6 16:33:52
 \  . @        @@@     `-'   . @@@@   @@@@  o 
  |      @@   @@@@@ .           @@   .       |
  \     @@@@  @\@@    /  .  O    .     o   . 
   \  o  @@     \ \  /         .    .       
    `\     .    .\.-.___   .      .   .-. /
      \           `-'                `-' /
       `-.   o   / |     o    O   .   .-
          `-.   /     .       .    .-'
             `--.       .      .--'
                 `------------'
(continue)
[10-Mar-24 20:41:10  pizzapal            pizzapal                 indianapolis]
% i'm guix-curious (i use guile for a lot of things already) but never had much luck running the package manager alone on debian and haven't gotten to install guix system yet
 -=-=-=-=-=-=-=-=-=-=-=-=-=-=-=-=-=-=-=-=-=-=-=-=-=-=-=-=-=-=-=-=-=-=-=-=-=-=-
[12-Mar-24 23:55:30 lycanthropene       axonohydrolia                  outer space]
% Casino owners don't want you to know this one special trick…
 -=-=-=-=-=-=-=-=-=-=-=-=-=-=-=-=-=-=-=-=-=-=-=-=-=-=-=-=-=-=-=-=-=-=-=-=-=-=-
[16-Mar-24 14:56:52    lohang              LohanG                    Sri Lanka]
% Happy weekend SDF :)
 -=-=-=-=-=-=-=-=-=-=-=-=-=-=-=-=-=-=-=-=-=-=-=-=-=-=-=-=-=-=-=-=-=-=-=-=-=-=-
[17-Mar-24 00:29:41    neural              neural                        Italy]
% Saying hello from Italy! ;)
 -=-=-=-=-=-=-=-=-=-=-=-=-=-=-=-=-=-=-=-=-=-=-=-=-=-=-=-=-=-=-=-=-=-=-=-=-=-=-
[17-Mar-24 01:59:32        tf                 Tom                  Connecticut]
% Ciao!
 -=-=-=-=-=-=-=-=-=-=-=-=-=-=-=-=-=-=-=-=-=-=-=-=-=-=-=-=-=-=-=-=-=-=-=-=-=-=-
[18-Mar-24 03:26:29 rodiongork              Rodion                    st-Pete's]
% From Italy? L'Italiano vero? or guesting there? drop a message at bboard!
 -=-=-=-=-=-=-=-=-=-=-=-=-=-=-=-=-=-=-=-=-=-=-=-=-=-=-=-=-=-=-=-=-=-=-=-=-=-=-
[19-Mar-24 20:56:14  amedrado       Adler Medrado            Sao Paulo, Brazil]
% Hello friends.
 -=-=-=-=-=-=-=-=-=-=-=-=-=-=-=-=-=-=-=-=-=-=-=-=-=-=-=-=-=-=-=-=-=-=-=-=-=-=-
[20-Mar-24 07:10:17 burgertron               Grant                   Denton, TX]
% Checking in again, what's up gamers?
 -=-=-=-=-=-=-=-=-=-=-=-=-=-=-=-=-=-=-=-=-=-=-=-=-=-=-=-=-=-=-=-=-=-=-=-=-=-=-
[20-Mar-24 14:05:53  somedude            somedude                Flin Flon, MB]
% Been playing cataclysmdda again. Having a blast.
 -=-=-=-=-=-=-=-=-=-=-=-=-=-=-=-=-=-=-=-=-=-=-=-=-=-=-=-=-=-=-=-=-=-=-=-=-=-=-
[20-Mar-24 21:25:46     kosan               Kosan                      Germany]
% Wishing a happy Newroz to those who celebrate it! ^^
 -=-=-=-=-=-=-=-=-=-=-=-=-=-=-=-=-=-=-=-=-=-=-=-=-=-=-=-=-=-=-=-=-=-=-=-=-=-=-
[22-Mar-24 05:36:16     sh0rk               sh0rk            GA, United States]
% hey guys, im new to doing unix and stuff but this is really cool and i like using it! how yall doing?
 -=-=-=-=-=-=-=-=-=-=-=-=-=-=-=-=-=-=-=-=-=-=-=-=-=-=-=-=-=-=-=-=-=-=-=-=-=-=-
[22-Mar-24 11:31:20 rodiongork              Rodion                    St-Pete's]
% Hi Sh0rk, we are fine, thanks, don't miss "bboard" and feel free to tell more about how you come here :)
 -=-=-=-=-=-=-=-=-=-=-=-=-=-=-=-=-=-=-=-=-=-=-=-=-=-=-=-=-=-=-=-=-=-=-=-=-=-=-
[22-mar-24 13:22:19     peron         Juan Perón             Puerta de Hierro]
% The PSU may get energized, but the real power grows out from the Ethernet port.
 -=-=-=-=-=-=-=-=-=-=-=-=-=-=-=-=-=-=-=-=-=-=-=-=-=-=-=-=-=-=-=-=-=-=-=-=-=-=-
[22-Mar-24 17:13:26 naterator           naterator               Frisco, TX, US]
% Hi from Frisco! Thanks for being awesome, SDF!
 -=-=-=-=-=-=-=-=-=-=-=-=-=-=-=-=-=-=-=-=-=-=-=-=-=-=-=-=-=-=-=-=-=-=-=-=-=-=-
[23-Mar-24 13:47:00  claudiom            ClaudioM           Homestead, FL, USA]
% WelCOM, sh0rk! Be sure to hop on COM as well and say hi in the aNONradio room! o/
 -=-=-=-=-=-=-=-=-=-=-=-=-=-=-=-=-=-=-=-=-=-=-=-=-=-=-=-=-=-=-=-=-=-=-=-=-=-=-
[25-Mar-24 18:17:35 lycanthropene          weretomato                    NERV Alba]
% Everyone gets hugged and turns into Irn-Bru.
 -=-=-=-=-=-=-=-=-=-=-=-=-=-=-=-=-=-=-=-=-=-=-=-=-=-=-=-=-=-=-=-=-=-=-=-=-=-=-
[26-Mar-24 08:52:49 tusharhero          tusharhero                             ]
% Hey guys, checkout my new blog https://tusharhero.codeberg.page/ Any feedback would be appreciated ^^
7735 guestbook entries.

Type 'help' for Commands.
Type 'com' to chat with other users.
Type 'ttytter' to listen to Twitter Tweets anonymously.
Type 'mud' to play the SDFmud.
Type 'mkhomepg' to set up your personal website.

Did you know you can become a permanent LIFETIME member of SDF
by making a onetime donation of $36?  Type 'arpa' for more info!

rie:/sdf/udd/s/sujoysarkar> mkdir dir1
mkdir: dir1: File exists
rie:/sdf/udd/s/sujoysarkar> mkdir dir2
rie:/sdf/udd/s/sujoysarkar> cd dir2
rie:/sdf/udd/s/sujoysarkar/dir2> touch dir2
rie:/sdf/udd/s/sujoysarkar/dir2> ls
.    ..   dir2
rie:/sdf/udd/s/sujoysarkar/dir2>
chmod a=w month.txt
rgukt-basar@spurthi:~$ chmod u+x month.txt
rgukt-basar@spurthi:~$ chmod u-w grepfilter.txt
rgukt-basar@spurthi:~$ ls -lrt
total 361992
-rw-rw-r--  1 rgukt-basar rgukt-basar  92980892 Dec 13  2022  google-chrome-stable_current_amd64.deb
-rw-rw-r--  1 rgukt-basar rgukt-basar        82 Jan  5  2023  sample.c
drwxr-xr-x  2 rgukt-basar rgukt-basar      4096 Jan  5  2023  Templates
drwxr-xr-x  2 rgukt-basar rgukt-basar      4096 Jan  5  2023  Public
-rw-rw-r--  1 rgukt-basar rgukt-basar       214 Aug  2  2023  animation.html
-rw-rw-r--  1 rgukt-basar rgukt-basar       503 Aug  2  2023  timefunc.html
-rw-rw-r--  1 rgukt-basar rgukt-basar       627 Aug  4  2023  grid.html
-rw-rw-r--  1 rgukt-basar rgukt-basar      2776 Aug  4  2023  minmax.html
-rw-rw-r--  1 rgukt-basar rgukt-basar       119 Aug  5  2023  html.html
-rw-rw-r--  1 rgukt-basar rgukt-basar       324 Aug  5  2023  alert.html
-rw-rw-r--  1 rgukt-basar rgukt-basar       170 Aug  5  2023  var.html
-rw-rw-r--  1 rgukt-basar rgukt-basar       475 Aug  5  2023  docclass.html
-rw-rw-r--  1 rgukt-basar rgukt-basar       223 Aug  7  2023  variable.html
-rw-rw-r--  1 rgukt-basar rgukt-basar       478 Aug 11  2023  quicksort.c
-rw-rw-r--  1 rgukt-basar rgukt-basar       779 Aug 11  2023  mergesort.c
-rw-rw-r--  1 rgukt-basar rgukt-basar        18 Aug 11  2023  alert.js
-rw-rw-r--  1 rgukt-basar rgukt-basar       543 Aug 23  2023  quick.c
-rw-rw-r--  1 rgukt-basar rgukt-basar       612 Aug 23  2023  pracqui.c
-rw-rw-r--  1 rgukt-basar rgukt-basar       892 Sep  1  2023  bst.c
-rw-rw-r--  1 rgukt-basar rgukt-basar       617 Sep  5  2023  quickint.c
-rw-rw-r--  1 rgukt-basar rgukt-basar       855 Sep  5  2023  mergeint.c
-rw-rw-r--  1 rgukt-basar rgukt-basar      1004 Sep  5  2023  stackint.c
-rw-rw-r--  1 rgukt-basar rgukt-basar       841 Sep  7  2023  mee.c
-rw-rw-r--  1 rgukt-basar rgukt-basar       840 Sep  7  2023  kk.c
-rw-rw-r--  1 rgukt-basar rgukt-basar       847 Sep  7  2023  v.c
-rw-rw-r--  1 rgukt-basar rgukt-basar       617 Sep  7  2023  h.c
-rw-rw-r--  1 rgukt-basar rgukt-basar      1044 Sep  7  2023  stt.c
-rw-rw-r--  1 rgukt-basar rgukt-basar      1034 Sep  7  2023  s.c
-rw-rw-r--  1 rgukt-basar rgukt-basar       777 Sep  7  2023 'postfix eval.c'
-rw-rw-r--  1 rgukt-basar rgukt-basar       772 Sep  9  2023  p.c
-rw-rw-r--  1 rgukt-basar rgukt-basar       773 Sep  9  2023  oo.c
-rw-rw-r--  1 rgukt-basar rgukt-basar       752 Sep 11  2023  inftopo.c
-rw-rw-r--  1 rgukt-basar rgukt-basar      1064 Sep 11  2023  pm.c
-rw-rw-r--  1 rgukt-basar rgukt-basar      1064 Sep 11  2023  qu.c
-rw-rw-r--  1 rgukt-basar rgukt-basar      1061 Sep 11  2023  o.c
-rw-rw-r--  1 rgukt-basar rgukt-basar      1004 Sep 12  2023  save.c
-rw-rw-r--  1 rgukt-basar rgukt-basar      1004 Sep 12  2023  queuearrint.c
-rw-rw-r--  1 rgukt-basar rgukt-basar  
